#-----------------------------------------------------------
# Vivado v2019.1 (64-bit)
# SW Build 2552052 on Fri May 24 14:49:42 MDT 2019
# IP Build 2548770 on Fri May 24 18:01:18 MDT 2019
# Start of session at: Sat Nov  9 19:53:59 2019
# Process ID: 18808
# Current directory: C:/Verilog/02_15/verilog_ch
# Command line: vivado.exe -gui_launcher_event rodinguilauncherevent13748 C:\Verilog\02_15\verilog_ch\verilog_ch.xpr
# Log file: C:/Verilog/02_15/verilog_ch/vivado.log
# Journal file: C:/Verilog/02_15/verilog_ch\vivado.jou
#-----------------------------------------------------------
start_gui
open_project C:/Verilog/02_15/verilog_ch/verilog_ch.xpr
update_compile_order -fileset sources_1
# Disabling source management mode.  This is to allow the top design properties to be set without GUI intervention.
set_property source_mgmt_mode None [current_project]
set_property top is_prime_procedural [current_fileset]
# Re-enabling previously disabled source management mode.
set_property source_mgmt_mode All [current_project]
update_compile_order -fileset sources_1
synth_design -rtl -name rtl_1
