#-----------------------------------------------------------
# Vivado v2019.1 (64-bit)
# SW Build 2552052 on Fri May 24 14:49:42 MDT 2019
# IP Build 2548770 on Fri May 24 18:01:18 MDT 2019
# Start of session at: Thu Nov 21 22:01:18 2019
# Process ID: 23600
# Current directory: C:/Verilog/04_04/combinational_ch
# Command line: vivado.exe -gui_launcher_event rodinguilauncherevent18604 C:\Verilog\04_04\combinational_ch\combinational_ch.xpr
# Log file: C:/Verilog/04_04/combinational_ch/vivado.log
# Journal file: C:/Verilog/04_04/combinational_ch\vivado.jou
#-----------------------------------------------------------
start_gui
open_project C:/Verilog/04_04/combinational_ch/combinational_ch.xpr
update_compile_order -fileset sources_1
reset_run synth_1
launch_runs impl_1 -to_step write_bitstream -jobs 4
wait_on_run impl_1
open_hw
connect_hw_server
open_hw_target
set_property PROGRAM.FILE {C:/Verilog/04_04/combinational_ch/combinational_ch.runs/impl_1/board_ALU.bit} [get_hw_devices xc7a35t_0]
current_hw_device [get_hw_devices xc7a35t_0]
refresh_hw_device -update_hw_probes false [lindex [get_hw_devices xc7a35t_0] 0]
set_property PROBES.FILE {} [get_hw_devices xc7a35t_0]
set_property FULL_PROBES.FILE {} [get_hw_devices xc7a35t_0]
set_property PROGRAM.FILE {C:/Verilog/04_04/combinational_ch/combinational_ch.runs/impl_1/board_ALU.bit} [get_hw_devices xc7a35t_0]
program_hw_devices [get_hw_devices xc7a35t_0]
refresh_hw_device [lindex [get_hw_devices xc7a35t_0] 0]
close_hw
